// Jest Snapshot v1, https://goo.gl/fbAQLP

exports[`QuestionTextWithInfoComponent should not show control link and question details for TEXT questions 1`] = `
<tm-question-text-with-info
  FeedbackQuestionType={[Function Object]}
  additionalInfoIsExpanded="false"
  questionDetails={[Function Object]}
  questionNumber="0"
>
  <b>
    Question 0:
  </b> Text question details
  
</tm-question-text-with-info>
`;

exports[`QuestionTextWithInfoComponent should show control link when question type is not TEXT 1`] = `
<tm-question-text-with-info
  FeedbackQuestionType={[Function Object]}
  additionalInfoIsExpanded="false"
  questionDetails={[Function Object]}
  questionNumber="0"
>
  <b>
    Question 0:
  </b> MCQ question details
  <a
    href="/"
    queryparamshandling="merge"
  >
     [more]
  
  </a>
</tm-question-text-with-info>
`;

exports[`QuestionTextWithInfoComponent should show question detail when click control link 1`] = `
<tm-question-text-with-info
  FeedbackQuestionType={[Function Object]}
  additionalInfoIsExpanded={[Function Boolean]}
  questionDetails={[Function Object]}
  questionNumber="0"
>
  <b>
    Question 0:
  </b> MCQ question details
  <a
    href="/"
    queryparamshandling="merge"
  >
     [less]
  
  </a><div>
    
    
    
    <tm-mcq-question-additional-info>
      Multiple-choice (single answer) question options:
  
      
      
      <ul>
        
        <li>
          a
        </li>
        <li>
          b
        </li>
        
      </ul>
    </tm-mcq-question-additional-info>
    
    
    
    
    
    
    
  </div>
</tm-question-text-with-info>
`;
